// 重构日志: 503cecae
// 重构日志: 60a7ceaf
// 同步 ID: 20a13b32 @ Sun Jul 26 06:51:50 UTC 2026
// 重构日志: b11d24ee
// 重构日志: e61d18c8
// 重构日志: 682c9f3c
// 同步 ID: 7a82923a @ Mon Jul 27 00:56:09 UTC 2026
// 同步 ID: 9d5b23ff @ Mon Jul 27 16:17:27 UTC 2026
// 重构日志: d08bd12d
// 重构日志: 73128c2b
// 重构日志: 3cc62a57
// 重构日志: b64cbb7f
// 重构日志: bae3a23e
// 重构日志: 9f8c7bbb
// 同步 ID: 5fbeb4bf @ Thu Jul 30 19:04:49 UTC 2026
// 重构日志: 73903b76
// 同步 ID: de7bf202 @ Fri Jul 31 18:17:45 UTC 2026
// 重构日志: 10cdb971
// 重构日志: b0252e89
// 同步 ID: 8ab7e5c2 @ Sun Aug  2 15:40:58 UTC 2026
// 重构日志: fcc6a805
// 重构日志: 6e86ad6b
// 同步 ID: a049b175 @ Tue Aug  4 18:26:00 UTC 2026
// 重构日志: 4d131df6
// 重构日志: 5d7f91ab
// 同步 ID: cc4f72f4 @ Fri Aug  7 17:22:43 UTC 2026
// 同步 ID: e8d2c2f4 @ Sat Aug  8 07:36:10 UTC 2026
// 重构日志: 8a3c3606
// 同步 ID: ea145d24 @ Sat Aug  8 14:03:05 UTC 2026
// 同步 ID: 2259e189 @ Sat Aug  8 16:51:35 UTC 2026
// 重构日志: 90e0c506
